// Vitest Snapshot v1, https://vitest.dev/guide/snapshot.html

exports[`TC-41.19 — 토큰폭발 회귀 스냅샷 (OPEN-5 / FR-24·AC-24) > 큰 입력 → comprehensive 압축 결과를 회귀 스냅샷으로 고정(bounded 출력) 1`] = `
"## DART 분석 데이터 (관점: comprehensive)

### 재무

[1915년]
- 매출액: 1,015억
- 영업이익: 115억
- 당기순이익: 65억
- 총자산: 5,015억
- 자기자본: 3,015억
- 부채비율: 55.0%
- ROE: 25.0%
- ROA: 20.0%


[1916년]
- 매출액: 1,016억
- 영업이익: 116억
- 당기순이익: 66억
- 총자산: 5,016억
- 자기자본: 3,016억
- 부채비율: 56.0%
- ROE: 26.0%
- ROA: 21.0%


[1917년]
- 매출액: 1,017억
- 영업이익: 117억
- 당기순이익: 67억
- 총자산: 5,017억
- 자기자본: 3,017억
- 부채비율: 57.0%
- ROE: 27.0%
- ROA: 22.0%


[1918년]
- 매출액: 1,018억
- 영업이익: 118억
- 당기순이익: 68억
- 총자산: 5,018억
- 자기자본: 3,018억
- 부채비율: 58.0%
- ROE: 28.0%
- ROA: 23.0%


[1919년]
- 매출액: 1,019억
- 영업이익: 119억
- 당기순이익: 69억
- 총자산: 5,019억
- 자기자본: 3,019억
- 부채비율: 59.0%
- ROE: 29.0%
- ROA: 24.0%


### 인력

[2024년 인력현황]
- 총 직원수: 1,000명
- 정규직: 800명
- 계약직: 200명
- 평균 근속연수: 7년
- 1인 평균급여: 9,000만원


### 주주
- SH0 (본인): 0%
- SH1 (본인): 1%
- SH2 (본인): 2%
- SH3 (본인): 3%
- SH4 (본인): 4%

### 배당
- DV0(보통주): 당기 0 / 전기 -1
- DV1(보통주): 당기 1 / 전기 0
- DV2(보통주): 당기 2 / 전기 1
- DV3(보통주): 당기 3 / 전기 2
- DV4(보통주): 당기 4 / 전기 3
- DV5(보통주): 당기 5 / 전기 4
- DV6(보통주): 당기 6 / 전기 5
- DV7(보통주): 당기 7 / 전기 6

### 공시 원문
공시원문(이미 D4 에서 길이 제한됨)"
`;
